2026-08-31 01:11:39,614 src.metrics INFO: {"event": "pipeline_start", "source": "d:\\orderaccuracy-seg\\Internal\\videos\\wienerschnitzel_10m.mkv", "model_path": "rf_trained/weights (1).pt", "model_type": "yolo-seg", "tracker_type": "bytetrack", "confidence_threshold": 0.5, "pick_dwell_ms": 800, "place_dwell_ms": 500, "frame_width": 1280, "frame_height": 720, "fps": 30, "kds_mode": "mock"}
  2026-08-31 01:11:39,614 src.metrics INFO: {"event": "pipeline_start", "source": "d:\\orderaccuracy-seg\\Internal\\videos\\wienerschnitzel_10m.mkv", "model_path": "rf_trained/weights (1).pt", "model_type": "yolo-seg", "tracker_type": "bytetrack", "confidence_threshold": 0.5, "pick_dwell_ms": 800, "place_dwell_ms": 500, "frame_width": 1280, "frame_height": 720, "fps": 30, "kds_mode": "mock"}
2026-08-31 01:11:39,977 __main__ INFO: [INIT] Wrap-zone polygon wired: 4 vertices  zone='assembly'  frame=1280x720
  2026-08-31 01:11:39,977 __main__ INFO: [INIT] Wrap-zone polygon wired: 4 vertices  zone='assembly'  frame=1280x720
2026-08-31 01:11:40,012 src.cart_state_machine INFO: [CartStateMachine] Transition: EMPTY -> RESET (System start clean session)
  2026-08-31 01:11:40,012 src.cart_state_machine INFO: [CartStateMachine] Transition: EMPTY -> RESET (System start clean session)
2026-08-31 01:11:40,013 src.cart_state_machine INFO: [CartStateMachine] Transition: RESET -> EMPTY (Cart state cleared and restored to EMPTY after removal)
  2026-08-31 01:11:40,013 src.cart_state_machine INFO: [CartStateMachine] Transition: RESET -> EMPTY (Cart state cleared and restored to EMPTY after removal)
2026-08-31 01:11:42,759 src.temporal DEBUG: Hand state transition: idle -> idle_in_zone
  2026-08-31 01:11:42,759 src.temporal DEBUG: Hand state transition: idle -> idle_in_zone
2026-08-31 01:11:42,777 src.exit_detector INFO: [ExitDetector] Loaded config from D:\orderaccuracy-seg\Internal\config\exit_line.json: p1=(0.6375, 0.19166666666666668), p2=(0.23385416666666667, 0.23148148148148148)
  2026-08-31 01:11:42,777 src.exit_detector INFO: [ExitDetector] Loaded config from D:\orderaccuracy-seg\Internal\config\exit_line.json: p1=(0.6375, 0.19166666666666668), p2=(0.23385416666666667, 0.23148148148148148)
2026-08-31 01:11:42,906 src.temporal DEBUG: Hand state transition: idle_in_zone -> idle
  2026-08-31 01:11:42,906 src.temporal DEBUG: Hand state transition: idle_in_zone -> idle
2026-08-31 01:11:43,008 src.temporal DEBUG: Hand state transition: idle -> idle_in_zone
  2026-08-31 01:11:43,008 src.temporal DEBUG: Hand state transition: idle -> idle_in_zone
2026-08-31 01:11:43,386 src.temporal DEBUG: Hand state transition: idle_in_zone -> idle
  2026-08-31 01:11:43,386 src.temporal DEBUG: Hand state transition: idle_in_zone -> idle
2026-08-31 01:11:45,238 src.metrics INFO: {"event": "metrics", "fps": 5.38, "frame_count": 27, "elapsed_s": 5.0, "loop_ms": 82.75, "detect_ms": 57.95, "flow_ms": 0.34, "temporal_ms": 0.01, "detections": {"ketchup_sauce": 1, "wrapper": 1, "yellow_mustard_sauce": 1}, "total_orders": 5, "passed_orders": 0, "failed_orders": 5, "accuracy_pct": 0.0, "error_rate_pct": 100.0}
  2026-08-31 01:11:45,238 src.metrics INFO: {"event": "metrics", "fps": 5.38, "frame_count": 27, "elapsed_s": 5.0, "loop_ms": 82.75, "detect_ms": 57.95, "flow_ms": 0.34, "temporal_ms": 0.01, "detections": {"ketchup_sauce": 1, "wrapper": 1, "yellow_mustard_sauce": 1}, "total_orders": 5, "passed_orders": 0, "failed_orders": 5, "accuracy_pct": 0.0, "error_rate_pct": 100.0}
2026-08-31 01:11:45,493 src.temporal DEBUG: Hand state transition: idle -> idle_in_zone
  2026-08-31 01:11:45,493 src.temporal DEBUG: Hand state transition: idle -> idle_in_zone
2026-08-31 01:11:45,845 src.temporal DEBUG: Hand state transition: idle -> idle_in_zone
  2026-08-31 01:11:45,845 src.temporal DEBUG: Hand state transition: idle -> idle_in_zone
2026-08-31 01:11:47,297 src.temporal DEBUG: Pick qualified: track=20 zone=zone_13 ingredient=chilli, pending_picks=['zone_13']
  2026-08-31 01:11:47,297 src.temporal DEBUG: Pick qualified: track=20 zone=zone_13 ingredient=chilli, pending_picks=['zone_13']
2026-08-31 01:11:47,297 src.temporal DEBUG: Hand state transition: idle_in_zone -> pending_pick
  2026-08-31 01:11:47,297 src.temporal DEBUG: Hand state transition: idle_in_zone -> pending_pick
2026-08-31 01:11:47,298 src.cart_state_machine INFO: [CartStateMachine] Added ingredient #1: 'chilli' (total=1)
  2026-08-31 01:11:47,298 src.cart_state_machine INFO: [CartStateMachine] Added ingredient #1: 'chilli' (total=1)
2026-08-31 01:11:47,298 src.cart_state_machine INFO: [CartStateMachine] Transition: EMPTY -> BUILDING (First ingredient added: chilli)
  2026-08-31 01:11:47,298 src.cart_state_machine INFO: [CartStateMachine] Transition: EMPTY -> BUILDING (First ingredient added: chilli)
2026-08-31 01:11:47,299 src.cart_state_machine INFO: [CartStateMachine] Transition: BUILDING -> EMPTY (No active hotdogs remaining on screen)
  2026-08-31 01:11:47,299 src.cart_state_machine INFO: [CartStateMachine] Transition: BUILDING -> EMPTY (No active hotdogs remaining on screen)
2026-08-31 01:11:50,266 src.metrics INFO: {"event": "metrics", "fps": 6.87, "frame_count": 69, "elapsed_s": 10.0, "loop_ms": 111.3, "detect_ms": 81.51, "flow_ms": 0.53, "temporal_ms": 0.12, "detections": {"ketchup_sauce": 1, "wrapper": 1, "yellow_mustard_sauce": 1, "hand": 1}, "total_orders": 5, "passed_orders": 0, "failed_orders": 5, "accuracy_pct": 0.0, "error_rate_pct": 100.0}
  2026-08-31 01:11:50,266 src.metrics INFO: {"event": "metrics", "fps": 6.87, "frame_count": 69, "elapsed_s": 10.0, "loop_ms": 111.3, "detect_ms": 81.51, "flow_ms": 0.53, "temporal_ms": 0.12, "detections": {"ketchup_sauce": 1, "wrapper": 1, "yellow_mustard_sauce": 1, "hand": 1}, "total_orders": 5, "passed_orders": 0, "failed_orders": 5, "accuracy_pct": 0.0, "error_rate_pct": 100.0}
2026-08-31 01:11:55,342 src.metrics INFO: {"event": "metrics", "fps": 7.8, "frame_count": 118, "elapsed_s": 15.1, "loop_ms": 83.79, "detect_ms": 59.03, "flow_ms": 0.59, "temporal_ms": 0.14, "detections": {"ketchup_sauce": 1, "wrapper": 1, "yellow_mustard_sauce": 1, "hand": 1}, "total_orders": 5, "passed_orders": 0, "failed_orders": 5, "accuracy_pct": 0.0, "error_rate_pct": 100.0}
  2026-08-31 01:11:55,342 src.metrics INFO: {"event": "metrics", "fps": 7.8, "frame_count": 118, "elapsed_s": 15.1, "loop_ms": 83.79, "detect_ms": 59.03, "flow_ms": 0.59, "temporal_ms": 0.14, "detections": {"ketchup_sauce": 1, "wrapper": 1, "yellow_mustard_sauce": 1, "hand": 1}, "total_orders": 5, "passed_orders": 0, "failed_orders": 5, "accuracy_pct": 0.0, "error_rate_pct": 100.0}
2026-08-31 01:12:00,439 src.metrics INFO: {"event": "metrics", "fps": 8.36, "frame_count": 169, "elapsed_s": 20.2, "loop_ms": 110.97, "detect_ms": 78.16, "flow_ms": 0.83, "temporal_ms": 0.26, "detections": {"ketchup_sauce": 1, "wrapper": 1, "yellow_mustard_sauce": 1, "hand": 1}, "total_orders": 5, "passed_orders": 0, "failed_orders": 5, "accuracy_pct": 0.0, "error_rate_pct": 100.0}
  2026-08-31 01:12:00,439 src.metrics INFO: {"event": "metrics", "fps": 8.36, "frame_count": 169, "elapsed_s": 20.2, "loop_ms": 110.97, "detect_ms": 78.16, "flow_ms": 0.83, "temporal_ms": 0.26, "detections": {"ketchup_sauce": 1, "wrapper": 1, "yellow_mustard_sauce": 1, "hand": 1}, "total_orders": 5, "passed_orders": 0, "failed_orders": 5, "accuracy_pct": 0.0, "error_rate_pct": 100.0}
2026-08-31 01:12:05,471 src.metrics INFO: {"event": "metrics", "fps": 8.71, "frame_count": 220, "elapsed_s": 25.2, "loop_ms": 93.79, "detect_ms": 65.24, "flow_ms": 0.48, "temporal_ms": 0.15, "detections": {"ketchup_sauce": 1, "wrapper": 1, "yellow_mustard_sauce": 1, "hand": 1}, "total_orders": 5, "passed_orders": 0, "failed_orders": 5, "accuracy_pct": 0.0, "error_rate_pct": 100.0}
  2026-08-31 01:12:05,471 src.metrics INFO: {"event": "metrics", "fps": 8.71, "frame_count": 220, "elapsed_s": 25.2, "loop_ms": 93.79, "detect_ms": 65.24, "flow_ms": 0.48, "temporal_ms": 0.15, "detections": {"ketchup_sauce": 1, "wrapper": 1, "yellow_mustard_sauce": 1, "hand": 1}, "total_orders": 5, "passed_orders": 0, "failed_orders": 5, "accuracy_pct": 0.0, "error_rate_pct": 100.0}
2026-08-31 01:12:10,572 src.metrics INFO: {"event": "metrics", "fps": 8.96, "frame_count": 272, "elapsed_s": 30.4, "loop_ms": 111.61, "detect_ms": 79.82, "flow_ms": 0.94, "temporal_ms": 0.26, "detections": {"ketchup_sauce": 1, "wrapper": 1, "yellow_mustard_sauce": 1, "hand": 2}, "total_orders": 5, "passed_orders": 0, "failed_orders": 5, "accuracy_pct": 0.0, "error_rate_pct": 100.0}
  2026-08-31 01:12:10,572 src.metrics INFO: {"event": "metrics", "fps": 8.96, "frame_count": 272, "elapsed_s": 30.4, "loop_ms": 111.61, "detect_ms": 79.82, "flow_ms": 0.94, "temporal_ms": 0.26, "detections": {"ketchup_sauce": 1, "wrapper": 1, "yellow_mustard_sauce": 1, "hand": 2}, "total_orders": 5, "passed_orders": 0, "failed_orders": 5, "accuracy_pct": 0.0, "error_rate_pct": 100.0}
2026-08-31 01:12:15,669 src.metrics INFO: {"event": "metrics", "fps": 8.97, "frame_count": 318, "elapsed_s": 35.4, "loop_ms": 110.11, "detect_ms": 72.02, "flow_ms": 0.39, "temporal_ms": 0.02, "detections": {"ketchup_sauce": 1, "wrapper": 1, "yellow_mustard_sauce": 1}, "total_orders": 5, "passed_orders": 0, "failed_orders": 5, "accuracy_pct": 0.0, "error_rate_pct": 100.0}
  2026-08-31 01:12:15,669 src.metrics INFO: {"event": "metrics", "fps": 8.97, "frame_count": 318, "elapsed_s": 35.4, "loop_ms": 110.11, "detect_ms": 72.02, "flow_ms": 0.39, "temporal_ms": 0.02, "detections": {"ketchup_sauce": 1, "wrapper": 1, "yellow_mustard_sauce": 1}, "total_orders": 5, "passed_orders": 0, "failed_orders": 5, "accuracy_pct": 0.0, "error_rate_pct": 100.0}
2026-08-31 01:12:20,725 src.metrics INFO: {"event": "metrics", "fps": 8.99, "frame_count": 364, "elapsed_s": 40.5, "loop_ms": 120.83, "detect_ms": 76.75, "flow_ms": 0.49, "temporal_ms": 0.04, "detections": {"ketchup_sauce": 1, "wrapper": 1, "yellow_mustard_sauce": 1}, "total_orders": 5, "passed_orders": 0, "failed_orders": 5, "accuracy_pct": 0.0, "error_rate_pct": 100.0}
  2026-08-31 01:12:20,725 src.metrics INFO: {"event": "metrics", "fps": 8.99, "frame_count": 364, "elapsed_s": 40.5, "loop_ms": 120.83, "detect_ms": 76.75, "flow_ms": 0.49, "temporal_ms": 0.04, "detections": {"ketchup_sauce": 1, "wrapper": 1, "yellow_mustard_sauce": 1}, "total_orders": 5, "passed_orders": 0, "failed_orders": 5, "accuracy_pct": 0.0, "error_rate_pct": 100.0}
2026-08-31 01:12:25,740 src.metrics INFO: {"event": "metrics", "fps": 9.01, "frame_count": 410, "elapsed_s": 45.5, "loop_ms": 125.29, "detect_ms": 93.5, "flow_ms": 0.6, "temporal_ms": 0.25, "detections": {"ketchup_sauce": 1, "wrapper": 1, "yellow_mustard_sauce": 1, "hand": 2}, "total_orders": 5, "passed_orders": 0, "failed_orders": 5, "accuracy_pct": 0.0, "error_rate_pct": 100.0}
  2026-08-31 01:12:25,740 src.metrics INFO: {"event": "metrics", "fps": 9.01, "frame_count": 410, "elapsed_s": 45.5, "loop_ms": 125.29, "detect_ms": 93.5, "flow_ms": 0.6, "temporal_ms": 0.25, "detections": {"ketchup_sauce": 1, "wrapper": 1, "yellow_mustard_sauce": 1, "hand": 2}, "total_orders": 5, "passed_orders": 0, "failed_orders": 5, "accuracy_pct": 0.0, "error_rate_pct": 100.0}
2026-08-31 01:12:30,809 src.metrics INFO: {"event": "metrics", "fps": 9.03, "frame_count": 457, "elapsed_s": 50.6, "loop_ms": 119.16, "detect_ms": 76.79, "flow_ms": 0.71, "temporal_ms": 0.32, "detections": {"ketchup_sauce": 1, "wrapper": 1, "yellow_mustard_sauce": 1, "hand": 2}, "total_orders": 5, "passed_orders": 0, "failed_orders": 5, "accuracy_pct": 0.0, "error_rate_pct": 100.0}
  2026-08-31 01:12:30,809 src.metrics INFO: {"event": "metrics", "fps": 9.03, "frame_count": 457, "elapsed_s": 50.6, "loop_ms": 119.16, "detect_ms": 76.79, "flow_ms": 0.71, "temporal_ms": 0.32, "detections": {"ketchup_sauce": 1, "wrapper": 1, "yellow_mustard_sauce": 1, "hand": 2}, "total_orders": 5, "passed_orders": 0, "failed_orders": 5, "accuracy_pct": 0.0, "error_rate_pct": 100.0}
2026-08-31 01:12:35,878 src.metrics INFO: {"event": "metrics", "fps": 9.09, "frame_count": 506, "elapsed_s": 55.7, "loop_ms": 116.6, "detect_ms": 81.07, "flow_ms": 0.63, "temporal_ms": 0.2, "detections": {"ketchup_sauce": 1, "wrapper": 1, "yellow_mustard_sauce": 1, "hand": 1}, "total_orders": 5, "passed_orders": 0, "failed_orders": 5, "accuracy_pct": 0.0, "error_rate_pct": 100.0}
  2026-08-31 01:12:35,878 src.metrics INFO: {"event": "metrics", "fps": 9.09, "frame_count": 506, "elapsed_s": 55.7, "loop_ms": 116.6, "detect_ms": 81.07, "flow_ms": 0.63, "temporal_ms": 0.2, "detections": {"ketchup_sauce": 1, "wrapper": 1, "yellow_mustard_sauce": 1, "hand": 1}, "total_orders": 5, "passed_orders": 0, "failed_orders": 5, "accuracy_pct": 0.0, "error_rate_pct": 100.0}
2026-08-31 01:12:40,991 src.metrics INFO: {"event": "metrics", "fps": 9.08, "frame_count": 552, "elapsed_s": 60.8, "loop_ms": 143.19, "detect_ms": 99.11, "flow_ms": 0.95, "temporal_ms": 0.39, "detections": {"ketchup_sauce": 1, "wrapper": 1, "yellow_mustard_sauce": 1, "hand": 2}, "total_orders": 5, "passed_orders": 0, "failed_orders": 5, "accuracy_pct": 0.0, "error_rate_pct": 100.0}
  2026-08-31 01:12:40,991 src.metrics INFO: {"event": "metrics", "fps": 9.08, "frame_count": 552, "elapsed_s": 60.8, "loop_ms": 143.19, "detect_ms": 99.11, "flow_ms": 0.95, "temporal_ms": 0.39, "detections": {"ketchup_sauce": 1, "wrapper": 1, "yellow_mustard_sauce": 1, "hand": 2}, "total_orders": 5, "passed_orders": 0, "failed_orders": 5, "accuracy_pct": 0.0, "error_rate_pct": 100.0}
2026-08-31 01:12:45,974 src.cart_state_machine INFO: [CartStateMachine] Transition: EMPTY -> READY (Hotdog detected in video feed)
  2026-08-31 01:12:45,974 src.cart_state_machine INFO: [CartStateMachine] Transition: EMPTY -> READY (Hotdog detected in video feed)
2026-08-31 01:12:46,004 src.metrics INFO: {"event": "metrics", "fps": 9.06, "frame_count": 596, "elapsed_s": 65.8, "loop_ms": 111.42, "detect_ms": 74.99, "flow_ms": 0.44, "temporal_ms": 0.1, "detections": {"ketchup_sauce": 1, "wrapper": 1, "yellow_mustard_sauce": 1, "hand": 1, "hot-dog": 1}, "total_orders": 5, "passed_orders": 0, "failed_orders": 5, "accuracy_pct": 0.0, "error_rate_pct": 100.0}
  2026-08-31 01:12:46,004 src.metrics INFO: {"event": "metrics", "fps": 9.06, "frame_count": 596, "elapsed_s": 65.8, "loop_ms": 111.42, "detect_ms": 74.99, "flow_ms": 0.44, "temporal_ms": 0.1, "detections": {"ketchup_sauce": 1, "wrapper": 1, "yellow_mustard_sauce": 1, "hand": 1, "hot-dog": 1}, "total_orders": 5, "passed_orders": 0, "failed_orders": 5, "accuracy_pct": 0.0, "error_rate_pct": 100.0}
2026-08-31 01:12:46,219 src.temporal DEBUG: Hand state transition: idle -> idle_in_zone
  2026-08-31 01:12:46,219 src.temporal DEBUG: Hand state transition: idle -> idle_in_zone
2026-08-31 01:12:46,480 src.temporal DEBUG: Hand state transition: idle -> idle_in_zone
  2026-08-31 01:12:46,480 src.temporal DEBUG: Hand state transition: idle -> idle_in_zone
2026-08-31 01:12:46,811 src.temporal DEBUG: Hand state transition: idle_in_zone -> idle
  2026-08-31 01:12:46,811 src.temporal DEBUG: Hand state transition: idle_in_zone -> idle
2026-08-31 01:12:47,895 src.cart_state_machine INFO: [CartStateMachine] Transition: READY -> BUILDING (Hotdog entered assembly ROI)
  2026-08-31 01:12:47,895 src.cart_state_machine INFO: [CartStateMachine] Transition: READY -> BUILDING (Hotdog entered assembly ROI)
2026-08-31 01:12:48,612 src.temporal DEBUG: Hand state transition: idle -> idle_in_zone
  2026-08-31 01:12:48,612 src.temporal DEBUG: Hand state transition: idle -> idle_in_zone
2026-08-31 01:12:48,612 src.hotdog_tracker INFO: [HAND_OCCLUSION_LOST] Hand #64 lost Hotdog #1 at (509, 435) at frame 618, time=20.25s
  2026-08-31 01:12:48,612 src.hotdog_tracker INFO: [HAND_OCCLUSION_LOST] Hand #64 lost Hotdog #1 at (509, 435) at frame 618, time=20.25s
2026-08-31 01:12:50,396 src.temporal DEBUG: Hand state transition: idle -> idle_in_zone
  2026-08-31 01:12:50,396 src.temporal DEBUG: Hand state transition: idle -> idle_in_zone
2026-08-31 01:12:51,022 src.metrics INFO: {"event": "metrics", "fps": 9.0, "frame_count": 637, "elapsed_s": 70.8, "loop_ms": 107.45, "detect_ms": 71.75, "flow_ms": 0.5, "temporal_ms": 0.09, "detections": {"ketchup_sauce": 1, "yellow_mustard_sauce": 1, "hot-dog": 2, "wrapper": 1, "hand": 2}, "total_orders": 5, "passed_orders": 0, "failed_orders": 5, "accuracy_pct": 0.0, "error_rate_pct": 100.0}
  2026-08-31 01:12:51,022 src.metrics INFO: {"event": "metrics", "fps": 9.0, "frame_count": 637, "elapsed_s": 70.8, "loop_ms": 107.45, "detect_ms": 71.75, "flow_ms": 0.5, "temporal_ms": 0.09, "detections": {"ketchup_sauce": 1, "yellow_mustard_sauce": 1, "hot-dog": 2, "wrapper": 1, "hand": 2}, "total_orders": 5, "passed_orders": 0, "failed_orders": 5, "accuracy_pct": 0.0, "error_rate_pct": 100.0}
2026-08-31 01:12:51,100 src.hotdog_tracker INFO: [HAND_OCCLUSION_LOST] Hand #68 lost Hotdog #1 at (583, 452) at frame 638, time=20.93s
  2026-08-31 01:12:51,100 src.hotdog_tracker INFO: [HAND_OCCLUSION_LOST] Hand #68 lost Hotdog #1 at (583, 452) at frame 638, time=20.93s
2026-08-31 01:12:51,550 src.temporal DEBUG: Hand state transition: idle_in_zone -> idle
  2026-08-31 01:12:51,550 src.temporal DEBUG: Hand state transition: idle_in_zone -> idle
2026-08-31 01:12:51,551 src.hotdog_tracker INFO: [HAND_OCCLUSION_LOST] Hand #68 lost Hotdog #2 at (580, 453) at frame 642, time=21.06s
  2026-08-31 01:12:51,551 src.hotdog_tracker INFO: [HAND_OCCLUSION_LOST] Hand #68 lost Hotdog #2 at (580, 453) at frame 642, time=21.06s
2026-08-31 01:12:51,652 src.temporal DEBUG: Hand state transition: idle -> idle_in_zone
  2026-08-31 01:12:51,652 src.temporal DEBUG: Hand state transition: idle -> idle_in_zone
2026-08-31 01:12:52,736 src.cart_state_machine INFO: [CartStateMachine] Added ingredient #1: 'yellow_mustard_sauce' (total=1)
  2026-08-31 01:12:52,736 src.cart_state_machine INFO: [CartStateMachine] Added ingredient #1: 'yellow_mustard_sauce' (total=1)
2026-08-31 01:12:52,948 src.temporal DEBUG: Hand state transition: idle -> idle_in_zone
  2026-08-31 01:12:52,948 src.temporal DEBUG: Hand state transition: idle -> idle_in_zone
2026-08-31 01:12:52,949 src.cart_state_machine INFO: [CartStateMachine] Added ingredient #2: 'yellow_mustard_sauce' (total=2)
  2026-08-31 01:12:52,949 src.cart_state_machine INFO: [CartStateMachine] Added ingredient #2: 'yellow_mustard_sauce' (total=2)
2026-08-31 01:12:52,950 src.cart_state_machine INFO: [CartStateMachine] Added ingredient #3: 'yellow_mustard_sauce' (total=3)
  2026-08-31 01:12:52,950 src.cart_state_machine INFO: [CartStateMachine] Added ingredient #3: 'yellow_mustard_sauce' (total=3)
2026-08-31 01:12:52,950 src.cart_state_machine INFO: [CartStateMachine] Added ingredient #4: 'yellow_mustard_sauce' (total=4)
  2026-08-31 01:12:52,950 src.cart_state_machine INFO: [CartStateMachine] Added ingredient #4: 'yellow_mustard_sauce' (total=4)
2026-08-31 01:12:53,073 src.hotdog_tracker INFO: [HAND_OCCLUSION_LOST] Hand #79 lost Hotdog #1 at (651, 381) at frame 656, time=21.53s
  2026-08-31 01:12:53,073 src.hotdog_tracker INFO: [HAND_OCCLUSION_LOST] Hand #79 lost Hotdog #1 at (651, 381) at frame 656, time=21.53s
2026-08-31 01:12:53,074 src.hotdog_tracker INFO: [HAND_OCCLUSION_LOST] Hand #79 lost Hotdog #2 at (651, 381) at frame 656, time=21.53s
  2026-08-31 01:12:53,074 src.hotdog_tracker INFO: [HAND_OCCLUSION_LOST] Hand #79 lost Hotdog #2 at (651, 381) at frame 656, time=21.53s
2026-08-31 01:12:53,305 src.hotdog_tracker INFO: [HAND_OCCLUSION_LOST] Hand #79 lost Hotdog #1 at (638, 389) at frame 658, time=21.60s
  2026-08-31 01:12:53,305 src.hotdog_tracker INFO: [HAND_OCCLUSION_LOST] Hand #79 lost Hotdog #1 at (638, 389) at frame 658, time=21.60s
2026-08-31 01:12:54,387 src.cart_state_machine INFO: [CartStateMachine] Added ingredient #5: 'yellow_mustard_sauce' (total=5)
  2026-08-31 01:12:54,387 src.cart_state_machine INFO: [CartStateMachine] Added ingredient #5: 'yellow_mustard_sauce' (total=5)
2026-08-31 01:12:55,506 src.cart_state_machine INFO: [CartStateMachine] Added ingredient #6: 'yellow_mustard_sauce' (total=6)
  2026-08-31 01:12:55,506 src.cart_state_machine INFO: [CartStateMachine] Added ingredient #6: 'yellow_mustard_sauce' (total=6)
2026-08-31 01:12:55,508 src.cart_state_machine INFO: [CartStateMachine] Added ingredient #7: 'yellow_mustard_sauce' (total=7)
  2026-08-31 01:12:55,508 src.cart_state_machine INFO: [CartStateMachine] Added ingredient #7: 'yellow_mustard_sauce' (total=7)
2026-08-31 01:12:55,509 src.cart_state_machine INFO: [CartStateMachine] Added ingredient #8: 'yellow_mustard_sauce' (total=8)
  2026-08-31 01:12:55,509 src.cart_state_machine INFO: [CartStateMachine] Added ingredient #8: 'yellow_mustard_sauce' (total=8)
2026-08-31 01:12:55,620 src.hotdog_tracker INFO: [HAND_OCCLUSION_LOST] Hand #68 lost Hotdog #2 at (569, 446) at frame 678, time=22.26s
  2026-08-31 01:12:55,620 src.hotdog_tracker INFO: [HAND_OCCLUSION_LOST] Hand #68 lost Hotdog #2 at (569, 446) at frame 678, time=22.26s
2026-08-31 01:12:55,729 src.temporal DEBUG: Hand state transition: idle -> idle_in_zone
  2026-08-31 01:12:55,729 src.temporal DEBUG: Hand state transition: idle -> idle_in_zone
2026-08-31 01:12:55,729 src.hotdog_tracker INFO: [HAND_OCCLUSION_LOST] Hand #68 lost Hotdog #1 at (574, 446) at frame 679, time=22.30s
  2026-08-31 01:12:55,729 src.hotdog_tracker INFO: [HAND_OCCLUSION_LOST] Hand #68 lost Hotdog #1 at (574, 446) at frame 679, time=22.30s
2026-08-31 01:12:56,101 src.metrics INFO: {"event": "metrics", "fps": 8.99, "frame_count": 682, "elapsed_s": 75.9, "loop_ms": 110.16, "detect_ms": 71.07, "flow_ms": 0.43, "temporal_ms": 0.09, "detections": {"ketchup_sauce": 1, "wrapper": 1, "yellow_mustard_sauce": 2, "hand": 2}, "total_orders": 5, "passed_orders": 0, "failed_orders": 5, "accuracy_pct": 0.0, "error_rate_pct": 100.0}
  2026-08-31 01:12:56,101 src.metrics INFO: {"event": "metrics", "fps": 8.99, "frame_count": 682, "elapsed_s": 75.9, "loop_ms": 110.16, "detect_ms": 71.07, "flow_ms": 0.43, "temporal_ms": 0.09, "detections": {"ketchup_sauce": 1, "wrapper": 1, "yellow_mustard_sauce": 2, "hand": 2}, "total_orders": 5, "passed_orders": 0, "failed_orders": 5, "accuracy_pct": 0.0, "error_rate_pct": 100.0}
2026-08-31 01:12:56,906 src.cart_state_machine INFO: [CartStateMachine] Added ingredient #9: 'yellow_mustard_sauce' (total=9)
  2026-08-31 01:12:56,906 src.cart_state_machine INFO: [CartStateMachine] Added ingredient #9: 'yellow_mustard_sauce' (total=9)
2026-08-31 01:12:58,089 src.wrapping_state INFO: [WRAPPING] hotdog tid=2  ACTIVE \u2192 CLOSING  frame=700  t=23.03s  (wrapping coverage=48%  present for 0.1s >= 0.1s threshold)
  2026-08-31 01:12:58,089 src.wrapping_state INFO: [WRAPPING] hotdog tid=2  ACTIVE \u2192 CLOSING  frame=700  t=23.03s  (wrapping coverage=48%  present for 0.1s >= 0.1s threshold)

======================================================
  ======================================================
  [WRAPPING] hotdog tid=2  â†’  ABOUT TO COMPLETE
    [WRAPPING] hotdog tid=2  â†’  ABOUT TO COMPLETE
  frame=700  t=23.03s  dwell=0.1s
    frame=700  t=23.03s  dwell=0.1s
======================================================
  ======================================================
2026-08-31 01:12:58,193 src.temporal DEBUG: Hand state transition: idle_in_zone -> idle
  2026-08-31 01:12:58,193 src.temporal DEBUG: Hand state transition: idle_in_zone -> idle
2026-08-31 01:12:58,326 src.temporal DEBUG: Hand state transition: idle -> idle_in_zone
  2026-08-31 01:12:58,326 src.temporal DEBUG: Hand state transition: idle -> idle_in_zone
2026-08-31 01:12:58,964 src.hotdog_tracker INFO: [HAND_OCCLUSION_LOST] Hand #68 lost Hotdog #2 at (681, 406) at frame 709, time=23.30s
  2026-08-31 01:12:58,964 src.hotdog_tracker INFO: [HAND_OCCLUSION_LOST] Hand #68 lost Hotdog #2 at (681, 406) at frame 709, time=23.30s
2026-08-31 01:12:59,574 src.temporal DEBUG: Hand state transition: idle_in_zone -> idle
  2026-08-31 01:12:59,574 src.temporal DEBUG: Hand state transition: idle_in_zone -> idle
2026-08-31 01:12:59,679 src.temporal DEBUG: Hand state transition: idle -> idle_in_zone
  2026-08-31 01:12:59,679 src.temporal DEBUG: Hand state transition: idle -> idle_in_zone
2026-08-31 01:13:00,723 src.temporal DEBUG: Hand state transition: idle_in_zone -> idle
  2026-08-31 01:13:00,723 src.temporal DEBUG: Hand state transition: idle_in_zone -> idle
2026-08-31 01:13:00,828 src.temporal DEBUG: Hand state transition: idle -> idle_in_zone
  2026-08-31 01:13:00,828 src.temporal DEBUG: Hand state transition: idle -> idle_in_zone
2026-08-31 01:13:01,182 src.metrics INFO: {"event": "metrics", "fps": 9.0, "frame_count": 729, "elapsed_s": 81.0, "loop_ms": 112.0, "detect_ms": 80.21, "flow_ms": 0.66, "temporal_ms": 0.14, "detections": {"ketchup_sauce": 1, "wrapper": 1, "hot-dog": 2, "hand": 2, "yellow_mustard_sauce": 1}, "total_orders": 5, "passed_orders": 0, "failed_orders": 5, "accuracy_pct": 0.0, "error_rate_pct": 100.0}
  2026-08-31 01:13:01,182 src.metrics INFO: {"event": "metrics", "fps": 9.0, "frame_count": 729, "elapsed_s": 81.0, "loop_ms": 112.0, "detect_ms": 80.21, "flow_ms": 0.66, "temporal_ms": 0.14, "detections": {"ketchup_sauce": 1, "wrapper": 1, "hot-dog": 2, "hand": 2, "yellow_mustard_sauce": 1}, "total_orders": 5, "passed_orders": 0, "failed_orders": 5, "accuracy_pct": 0.0, "error_rate_pct": 100.0}
2026-08-31 01:13:02,406 src.temporal DEBUG: Hand state transition: idle -> idle_in_zone
  2026-08-31 01:13:02,406 src.temporal DEBUG: Hand state transition: idle -> idle_in_zone
2026-08-31 01:13:03,237 src.hotdog_tracker INFO: [HAND_OCCLUSION_LOST] Hand #68 lost Hotdog #2 at (770, 453) at frame 749, time=24.62s
  2026-08-31 01:13:03,237 src.hotdog_tracker INFO: [HAND_OCCLUSION_LOST] Hand #68 lost Hotdog #2 at (770, 453) at frame 749, time=24.62s
2026-08-31 01:13:05,968 src.temporal DEBUG: Hand state transition: idle_in_zone -> idle
  2026-08-31 01:13:05,968 src.temporal DEBUG: Hand state transition: idle_in_zone -> idle
2026-08-31 01:13:06,214 src.metrics INFO: {"event": "metrics", "fps": 8.99, "frame_count": 773, "elapsed_s": 86.0, "loop_ms": 107.65, "detect_ms": 73.56, "flow_ms": 0.45, "temporal_ms": 0.12, "detections": {"ketchup_sauce": 1, "wrapper": 1, "hot-dog": 1, "hand": 2, "yellow_mustard_sauce": 1}, "total_orders": 5, "passed_orders": 0, "failed_orders": 5, "accuracy_pct": 0.0, "error_rate_pct": 100.0}
  2026-08-31 01:13:06,214 src.metrics INFO: {"event": "metrics", "fps": 8.99, "frame_count": 773, "elapsed_s": 86.0, "loop_ms": 107.65, "detect_ms": 73.56, "flow_ms": 0.45, "temporal_ms": 0.12, "detections": {"ketchup_sauce": 1, "wrapper": 1, "hot-dog": 1, "hand": 2, "yellow_mustard_sauce": 1}, "total_orders": 5, "passed_orders": 0, "failed_orders": 5, "accuracy_pct": 0.0, "error_rate_pct": 100.0}
2026-08-31 01:13:06,612 src.temporal DEBUG: Hand state transition: idle -> idle_in_zone
  2026-08-31 01:13:06,612 src.temporal DEBUG: Hand state transition: idle -> idle_in_zone
2026-08-31 01:13:07,204 src.wrapping_state INFO: [WRAPPING] hotdog tid=2  CLOSING \u2192 DONE  frame=781  t=25.73s  (closing started frame=700  t=23.027s)
  2026-08-31 01:13:07,204 src.wrapping_state INFO: [WRAPPING] hotdog tid=2  CLOSING \u2192 DONE  frame=781  t=25.73s  (closing started frame=700  t=23.027s)
2026-08-31 01:13:07,204 src.cart_state_machine INFO: [CartStateMachine] Added ingredient #10: 'wrapped_hotdog' (total=10)
  2026-08-31 01:13:07,204 src.cart_state_machine INFO: [CartStateMachine] Added ingredient #10: 'wrapped_hotdog' (total=10)

======================================================
  ======================================================
  [WRAPPING] hotdog tid=2  â†’  ORDER DONE âœ“
    [WRAPPING] hotdog tid=2  â†’  ORDER DONE âœ“
  frame=781  t=25.73s
    frame=781  t=25.73s
======================================================
  ======================================================
2026-08-31 01:13:11,254 src.metrics INFO: {"event": "metrics", "fps": 8.97, "frame_count": 817, "elapsed_s": 91.0, "loop_ms": 131.07, "detect_ms": 86.15, "flow_ms": 0.52, "temporal_ms": 0.14, "detections": {"ketchup_sauce": 1, "wrapper": 1, "hot-dog": 1, "hand": 2, "yellow_mustard_sauce": 1}, "total_orders": 5, "passed_orders": 0, "failed_orders": 5, "accuracy_pct": 0.0, "error_rate_pct": 100.0}
  2026-08-31 01:13:11,254 src.metrics INFO: {"event": "metrics", "fps": 8.97, "frame_count": 817, "elapsed_s": 91.0, "loop_ms": 131.07, "detect_ms": 86.15, "flow_ms": 0.52, "temporal_ms": 0.14, "detections": {"ketchup_sauce": 1, "wrapper": 1, "hot-dog": 1, "hand": 2, "yellow_mustard_sauce": 1}, "total_orders": 5, "passed_orders": 0, "failed_orders": 5, "accuracy_pct": 0.0, "error_rate_pct": 100.0}
2026-08-31 01:13:12,368 src.temporal DEBUG: Hand state transition: idle_in_zone -> idle
  2026-08-31 01:13:12,368 src.temporal DEBUG: Hand state transition: idle_in_zone -> idle
2026-08-31 01:13:12,513 src.temporal DEBUG: Hand state transition: idle -> idle_in_zone
  2026-08-31 01:13:12,513 src.temporal DEBUG: Hand state transition: idle -> idle_in_zone
2026-08-31 01:13:13,184 src.temporal DEBUG: Hand state transition: idle_in_zone -> idle
  2026-08-31 01:13:13,184 src.temporal DEBUG: Hand state transition: idle_in_zone -> idle
2026-08-31 01:13:13,184 src.hotdog_tracker INFO: [HAND_OCCLUSION_LOST] Hand #68 lost Hotdog #1 at (634, 403) at frame 833, time=27.43s
  2026-08-31 01:13:13,184 src.hotdog_tracker INFO: [HAND_OCCLUSION_LOST] Hand #68 lost Hotdog #1 at (634, 403) at frame 833, time=27.43s
2026-08-31 01:13:13,198 src.exit_detector INFO: [ExitDetector] Hand crossed exit line! Hotdogs exited: [2]
  2026-08-31 01:13:13,198 src.exit_detector INFO: [ExitDetector] Hand crossed exit line! Hotdogs exited: [2]
2026-08-31 01:13:13,198 __main__ INFO: \U0001f525 [EXIT LINE] Outgoing Hotdog Detected! Exited: [2]
  2026-08-31 01:13:13,198 __main__ INFO: \U0001f525 [EXIT LINE] Outgoing Hotdog Detected! Exited: [2]
2026-08-31 01:13:13,200 src.cart_state_machine INFO: [CartStateMachine] Transition: BUILDING -> DONE (Hotdog wrapped and exited)
  2026-08-31 01:13:13,200 src.cart_state_machine INFO: [CartStateMachine] Transition: BUILDING -> DONE (Hotdog wrapped and exited)
2026-08-31 01:13:13,294 src.cart_state_machine INFO: [CartStateMachine] Transition: DONE -> READY (Hotdog detected in video feed)
  2026-08-31 01:13:13,294 src.cart_state_machine INFO: [CartStateMachine] Transition: DONE -> READY (Hotdog detected in video feed)
2026-08-31 01:13:13,295 src.cart_state_machine INFO: [CartStateMachine] Transition: READY -> BUILDING (Hotdog entered assembly ROI)
  2026-08-31 01:13:13,295 src.cart_state_machine INFO: [CartStateMachine] Transition: READY -> BUILDING (Hotdog entered assembly ROI)
2026-08-31 01:13:14,859 src.temporal DEBUG: Hand state transition: idle -> idle_in_zone
  2026-08-31 01:13:14,859 src.temporal DEBUG: Hand state transition: idle -> idle_in_zone
2026-08-31 01:13:15,796 src.temporal DEBUG: Hand state transition: idle -> idle_in_zone
  2026-08-31 01:13:15,796 src.temporal DEBUG: Hand state transition: idle -> idle_in_zone
2026-08-31 01:13:16,365 src.metrics INFO: {"event": "metrics", "fps": 8.94, "frame_count": 860, "elapsed_s": 96.1, "loop_ms": 120.17, "detect_ms": 82.74, "flow_ms": 0.41, "temporal_ms": 0.07, "detections": {"ketchup_sauce": 1, "wrapper": 1, "yellow_mustard_sauce": 1, "hand": 2, "reg_clamshell": 1, "hot-dog": 1}, "total_orders": 5, "passed_orders": 0, "failed_orders": 5, "accuracy_pct": 0.0, "error_rate_pct": 100.0}
  2026-08-31 01:13:16,365 src.metrics INFO: {"event": "metrics", "fps": 8.94, "frame_count": 860, "elapsed_s": 96.1, "loop_ms": 120.17, "detect_ms": 82.74, "flow_ms": 0.41, "temporal_ms": 0.07, "detections": {"ketchup_sauce": 1, "wrapper": 1, "yellow_mustard_sauce": 1, "hand": 2, "reg_clamshell": 1, "hot-dog": 1}, "total_orders": 5, "passed_orders": 0, "failed_orders": 5, "accuracy_pct": 0.0, "error_rate_pct": 100.0}
2026-08-31 01:13:16,666 src.wrapping_state INFO: [WRAPPING] hotdog tid=178  ACTIVE \u2192 CLOSING  frame=862  t=28.43s  (wrapping coverage=100%  present for 0.1s >= 0.1s threshold)
  2026-08-31 01:13:16,666 src.wrapping_state INFO: [WRAPPING] hotdog tid=178  ACTIVE \u2192 CLOSING  frame=862  t=28.43s  (wrapping coverage=100%  present for 0.1s >= 0.1s threshold)

======================================================
  ======================================================
  [WRAPPING] hotdog tid=178  â†’  ABOUT TO COMPLETE
    [WRAPPING] hotdog tid=178  â†’  ABOUT TO COMPLETE
  frame=862  t=28.43s  dwell=0.11s
    frame=862  t=28.43s  dwell=0.11s
======================================================
  ======================================================
2026-08-31 01:13:18,654 src.hotdog_tracker INFO: [HAND_OCCLUSION_LOST] Hand #68 lost Hotdog #1 at (768, 430) at frame 880, time=29.00s
  2026-08-31 01:13:18,654 src.hotdog_tracker INFO: [HAND_OCCLUSION_LOST] Hand #68 lost Hotdog #1 at (768, 430) at frame 880, time=29.00s
2026-08-31 01:13:18,654 src.wrapping_state INFO: [WRAPPING] hotdog tid=1  ACTIVE \u2192 CLOSING  frame=879  t=29.00s  (wrapping coverage=100%  present for 0.1s >= 0.1s threshold)
  2026-08-31 01:13:18,654 src.wrapping_state INFO: [WRAPPING] hotdog tid=1  ACTIVE \u2192 CLOSING  frame=879  t=29.00s  (wrapping coverage=100%  present for 0.1s >= 0.1s threshold)

======================================================
  ======================================================
  [WRAPPING] hotdog tid=1  â†’  ABOUT TO COMPLETE
    [WRAPPING] hotdog tid=1  â†’  ABOUT TO COMPLETE
  frame=879  t=29.00s  dwell=0.1s
    frame=879  t=29.00s  dwell=0.1s
======================================================
  ======================================================
2026-08-31 01:13:21,398 src.metrics INFO: {"event": "metrics", "fps": 8.92, "frame_count": 903, "elapsed_s": 101.2, "loop_ms": 107.67, "detect_ms": 73.42, "flow_ms": 0.52, "temporal_ms": 0.22, "detections": {"ketchup_sauce": 1, "wrapper": 1, "yellow_mustard_sauce": 1, "hand": 2}, "total_orders": 5, "passed_orders": 0, "failed_orders": 5, "accuracy_pct": 0.0, "error_rate_pct": 100.0}
  2026-08-31 01:13:21,398 src.metrics INFO: {"event": "metrics", "fps": 8.92, "frame_count": 903, "elapsed_s": 101.2, "loop_ms": 107.67, "detect_ms": 73.42, "flow_ms": 0.52, "temporal_ms": 0.22, "detections": {"ketchup_sauce": 1, "wrapper": 1, "yellow_mustard_sauce": 1, "hand": 2}, "total_orders": 5, "passed_orders": 0, "failed_orders": 5, "accuracy_pct": 0.0, "error_rate_pct": 100.0}
2026-08-31 01:13:21,916 src.wrapping_state INFO: [WRAPPING] hotdog tid=178  CLOSING \u2192 DONE  frame=907  t=29.92s  (closing started frame=862  t=28.429000000000002s)
  2026-08-31 01:13:21,916 src.wrapping_state INFO: [WRAPPING] hotdog tid=178  CLOSING \u2192 DONE  frame=907  t=29.92s  (closing started frame=862  t=28.429000000000002s)
2026-08-31 01:13:21,916 src.cart_state_machine INFO: [CartStateMachine] Added ingredient #11: 'wrapped_hotdog' (total=11)
  2026-08-31 01:13:21,916 src.cart_state_machine INFO: [CartStateMachine] Added ingredient #11: 'wrapped_hotdog' (total=11)

======================================================
  ======================================================
  [WRAPPING] hotdog tid=178  â†’  ORDER DONE âœ“
    [WRAPPING] hotdog tid=178  â†’  ORDER DONE âœ“
  frame=907  t=29.92s
    frame=907  t=29.92s
======================================================
  ======================================================
2026-08-31 01:13:22,028 src.cart_state_machine INFO: [CartStateMachine] Transition: BUILDING -> EMPTY (No active hotdogs remaining on screen)
  2026-08-31 01:13:22,028 src.cart_state_machine INFO: [CartStateMachine] Transition: BUILDING -> EMPTY (No active hotdogs remaining on screen)
2026-08-31 01:13:22,247 src.wrapping_state INFO: [WRAPPING] hotdog tid=1  CLOSING \u2192 DONE  frame=910  t=30.03s  (closing started frame=879  t=29.002s)
  2026-08-31 01:13:22,247 src.wrapping_state INFO: [WRAPPING] hotdog tid=1  CLOSING \u2192 DONE  frame=910  t=30.03s  (closing started frame=879  t=29.002s)
2026-08-31 01:13:22,247 src.cart_state_machine INFO: [CartStateMachine] Added ingredient #1: 'wrapped_hotdog' (total=1)
  2026-08-31 01:13:22,247 src.cart_state_machine INFO: [CartStateMachine] Added ingredient #1: 'wrapped_hotdog' (total=1)
2026-08-31 01:13:22,247 src.cart_state_machine INFO: [CartStateMachine] Transition: EMPTY -> BUILDING (First ingredient added: wrapped_hotdog)
  2026-08-31 01:13:22,247 src.cart_state_machine INFO: [CartStateMachine] Transition: EMPTY -> BUILDING (First ingredient added: wrapped_hotdog)

======================================================
  ======================================================
  [WRAPPING] hotdog tid=1  â†’  ORDER DONE âœ“
    [WRAPPING] hotdog tid=1  â†’  ORDER DONE âœ“
  frame=910  t=30.03s
    frame=910  t=30.03s
======================================================
  ======================================================
2026-08-31 01:13:22,249 src.cart_state_machine INFO: [CartStateMachine] Transition: BUILDING -> EMPTY (No active hotdogs remaining on screen)
  2026-08-31 01:13:22,249 src.cart_state_machine INFO: [CartStateMachine] Transition: BUILDING -> EMPTY (No active hotdogs remaining on screen)
2026-08-31 01:13:26,474 src.metrics INFO: {"event": "metrics", "fps": 8.92, "frame_count": 948, "elapsed_s": 106.3, "loop_ms": 106.28, "detect_ms": 72.95, "flow_ms": 0.5, "temporal_ms": 0.09, "detections": {"ketchup_sauce": 1, "wrapper": 1, "yellow_mustard_sauce": 1, "hand": 2}, "total_orders": 5, "passed_orders": 0, "failed_orders": 5, "accuracy_pct": 0.0, "error_rate_pct": 100.0}
  2026-08-31 01:13:26,474 src.metrics INFO: {"event": "metrics", "fps": 8.92, "frame_count": 948, "elapsed_s": 106.3, "loop_ms": 106.28, "detect_ms": 72.95, "flow_ms": 0.5, "temporal_ms": 0.09, "detections": {"ketchup_sauce": 1, "wrapper": 1, "yellow_mustard_sauce": 1, "hand": 2}, "total_orders": 5, "passed_orders": 0, "failed_orders": 5, "accuracy_pct": 0.0, "error_rate_pct": 100.0}
2026-08-31 01:13:27,983 src.temporal DEBUG: Hand state transition: idle_in_zone -> idle
  2026-08-31 01:13:27,983 src.temporal DEBUG: Hand state transition: idle_in_zone -> idle
2026-08-31 01:13:28,158 src.temporal DEBUG: Hand state transition: idle -> idle_in_zone
  2026-08-31 01:13:28,158 src.temporal DEBUG: Hand state transition: idle -> idle_in_zone
2026-08-31 01:13:28,601 src.exit_detector INFO: [ExitDetector] Hand crossed exit line! Hotdogs exited: [1, 2]
  2026-08-31 01:13:28,601 src.exit_detector INFO: [ExitDetector] Hand crossed exit line! Hotdogs exited: [1, 2]
2026-08-31 01:13:28,601 __main__ INFO: \U0001f525 [EXIT LINE] Outgoing Hotdog Detected! Exited: [1, 2]
  2026-08-31 01:13:28,601 __main__ INFO: \U0001f525 [EXIT LINE] Outgoing Hotdog Detected! Exited: [1, 2]
2026-08-31 01:13:28,601 src.cart_state_machine INFO: [CartStateMachine] Transition: EMPTY -> DONE (Hotdog wrapped and exited)
  2026-08-31 01:13:28,601 src.cart_state_machine INFO: [CartStateMachine] Transition: EMPTY -> DONE (Hotdog wrapped and exited)
2026-08-31 01:13:28,722 src.cart_state_machine INFO: [CartStateMachine] Transition: DONE -> EMPTY (No active hotdogs remaining on screen)
  2026-08-31 01:13:28,722 src.cart_state_machine INFO: [CartStateMachine] Transition: DONE -> EMPTY (No active hotdogs remaining on screen)
2026-08-31 01:13:28,824 src.temporal DEBUG: Hand state transition: idle_in_zone -> idle
  2026-08-31 01:13:28,824 src.temporal DEBUG: Hand state transition: idle_in_zone -> idle

[INFO] Interrupted by user — collecting hotdog log snapshot...

======================================================================
  VIDEO SUMMARY & HOTDOG TIMELINE REPORT
======================================================================
  Video             : wienerschnitzel_10m.mkv
  Run duration      : 135.3s
  Metrics snapshots : 0
  Total orders      : 0
  Passed orders     : 0
  Failed orders     : 0
  Accuracy          : 0.0%

  Total Hotdogs     : 2
  Completed/Wrapped : 2

  Hotdog Timeline & Ingredient Log:
  ------------------------------------------------------------------
  Hotdog #1 [DONE]: 00:00:19 -> 00:00:29 (10.4s) | Items: [00:00:21] yellow_mustard_sauce, [00:00:22] yellow_mustard_sauce
  Hotdog #2 [DONE]: 00:00:20 -> 00:00:25 (5.7s) | Items: [00:00:20] yellow_mustard_sauce, [00:00:21] yellow_mustard_sauce

  Detections by class:
    (none — no metrics events received)

  Full JSON saved     -> d:\orderaccuracy-seg\Internal\output\hotdog_summary.json
  Timeline JSON saved -> d:\orderaccuracy-seg\Internal\output\hotdog_timeline.json
  Console log saved   -> d:\orderaccuracy-seg\Internal\output\console_output.log
======================================================================
